// Jest Snapshot v1, https://goo.gl/fbAQLP

exports[`работа кнопки Активные 1`] = `
<div
  className="MobileCompany"
>
  <h2>
    Компания: 
    MTS
  </h2>
  <div>
    <input
      onClick={[Function]}
      type="button"
      value="Все"
    />
    <input
      onClick={[Function]}
      type="button"
      value="Активные"
    />
    <input
      onClick={[Function]}
      type="button"
      value="Заблокированные"
    />
  </div>
  <table>
    <thead>
      <tr>
        <th>
          Фамилия
        </th>
        <th>
          Имя
        </th>
        <th>
          Отчество
        </th>
        <th>
          Баланс
        </th>
        <th>
          Статус
        </th>
        <th>
          Редактировать
        </th>
        <th>
          Удалить
        </th>
      </tr>
    </thead>
    <tbody
      className="MobileCompanyTable"
    >
      <tr>
        <td>
          Иванов
        </td>
        <td>
          Иван
        </td>
        <td>
          Иванович
        </td>
        <td>
          200
        </td>
        <td
          className="MobileClientActive"
        >
          active
        </td>
        <td>
          <input
            onClick={[Function]}
            type="button"
            value="Редактировать"
          />
        </td>
        <td>
          <input
            onClick={[Function]}
            type="button"
            value="Удалить"
          />
        </td>
      </tr>
      <tr>
        <td>
          Сидоров
        </td>
        <td>
          Сидор
        </td>
        <td>
          Сидорович
        </td>
        <td>
          250
        </td>
        <td
          className="MobileClientActive"
        >
          active
        </td>
        <td>
          <input
            onClick={[Function]}
            type="button"
            value="Редактировать"
          />
        </td>
        <td>
          <input
            onClick={[Function]}
            type="button"
            value="Удалить"
          />
        </td>
      </tr>
      <tr>
        <td>
          Петров
        </td>
        <td>
          Петр
        </td>
        <td>
          Петрович
        </td>
        <td>
          180
        </td>
        <td
          className="MobileClientActive"
        >
          active
        </td>
        <td>
          <input
            onClick={[Function]}
            type="button"
            value="Редактировать"
          />
        </td>
        <td>
          <input
            onClick={[Function]}
            type="button"
            value="Удалить"
          />
        </td>
      </tr>
      <tr>
        <td>
          Григорьев
        </td>
        <td>
          Григорий
        </td>
        <td>
          Григорьевич
        </td>
        <td>
          -220
        </td>
        <td
          className="MobileClientBlocked"
        >
          blocked
        </td>
        <td>
          <input
            onClick={[Function]}
            type="button"
            value="Редактировать"
          />
        </td>
        <td>
          <input
            onClick={[Function]}
            type="button"
            value="Удалить"
          />
        </td>
      </tr>
    </tbody>
  </table>
  <input
    onClick={[Function]}
    type="button"
    value="Добавить клиента"
  />
  <div />
</div>
`;

exports[`работа кнопки Активные 2`] = `
<div
  className="MobileCompany"
>
  <h2>
    Компания: 
    MTS
  </h2>
  <div>
    <input
      onClick={[Function]}
      type="button"
      value="Все"
    />
    <input
      onClick={[Function]}
      type="button"
      value="Активные"
    />
    <input
      onClick={[Function]}
      type="button"
      value="Заблокированные"
    />
  </div>
  <table>
    <thead>
      <tr>
        <th>
          Фамилия
        </th>
        <th>
          Имя
        </th>
        <th>
          Отчество
        </th>
        <th>
          Баланс
        </th>
        <th>
          Статус
        </th>
        <th>
          Редактировать
        </th>
        <th>
          Удалить
        </th>
      </tr>
    </thead>
    <tbody
      className="MobileCompanyTable"
    >
      <tr>
        <td>
          Иванов
        </td>
        <td>
          Иван
        </td>
        <td>
          Иванович
        </td>
        <td>
          200
        </td>
        <td
          className="MobileClientActive"
        >
          active
        </td>
        <td>
          <input
            onClick={[Function]}
            type="button"
            value="Редактировать"
          />
        </td>
        <td>
          <input
            onClick={[Function]}
            type="button"
            value="Удалить"
          />
        </td>
      </tr>
      <tr>
        <td>
          Сидоров
        </td>
        <td>
          Сидор
        </td>
        <td>
          Сидорович
        </td>
        <td>
          250
        </td>
        <td
          className="MobileClientActive"
        >
          active
        </td>
        <td>
          <input
            onClick={[Function]}
            type="button"
            value="Редактировать"
          />
        </td>
        <td>
          <input
            onClick={[Function]}
            type="button"
            value="Удалить"
          />
        </td>
      </tr>
      <tr>
        <td>
          Петров
        </td>
        <td>
          Петр
        </td>
        <td>
          Петрович
        </td>
        <td>
          180
        </td>
        <td
          className="MobileClientActive"
        >
          active
        </td>
        <td>
          <input
            onClick={[Function]}
            type="button"
            value="Редактировать"
          />
        </td>
        <td>
          <input
            onClick={[Function]}
            type="button"
            value="Удалить"
          />
        </td>
      </tr>
    </tbody>
  </table>
  <input
    onClick={[Function]}
    type="button"
    value="Добавить клиента"
  />
  <div />
</div>
`;

exports[`работа кнопки Активные 3`] = `
<div
  className="MobileCompany"
>
  <h2>
    Компания: 
    MTS
  </h2>
  <div>
    <input
      onClick={[Function]}
      type="button"
      value="Все"
    />
    <input
      onClick={[Function]}
      type="button"
      value="Активные"
    />
    <input
      onClick={[Function]}
      type="button"
      value="Заблокированные"
    />
  </div>
  <table>
    <thead>
      <tr>
        <th>
          Фамилия
        </th>
        <th>
          Имя
        </th>
        <th>
          Отчество
        </th>
        <th>
          Баланс
        </th>
        <th>
          Статус
        </th>
        <th>
          Редактировать
        </th>
        <th>
          Удалить
        </th>
      </tr>
    </thead>
    <tbody
      className="MobileCompanyTable"
    >
      <tr>
        <td>
          Иванов
        </td>
        <td>
          Иван
        </td>
        <td>
          Иванович
        </td>
        <td>
          200
        </td>
        <td
          className="MobileClientActive"
        >
          active
        </td>
        <td>
          <input
            onClick={[Function]}
            type="button"
            value="Редактировать"
          />
        </td>
        <td>
          <input
            onClick={[Function]}
            type="button"
            value="Удалить"
          />
        </td>
      </tr>
      <tr>
        <td>
          Сидоров
        </td>
        <td>
          Сидор
        </td>
        <td>
          Сидорович
        </td>
        <td>
          250
        </td>
        <td
          className="MobileClientActive"
        >
          active
        </td>
        <td>
          <input
            onClick={[Function]}
            type="button"
            value="Редактировать"
          />
        </td>
        <td>
          <input
            onClick={[Function]}
            type="button"
            value="Удалить"
          />
        </td>
      </tr>
      <tr>
        <td>
          Петров
        </td>
        <td>
          Петр
        </td>
        <td>
          Петрович
        </td>
        <td>
          180
        </td>
        <td
          className="MobileClientActive"
        >
          active
        </td>
        <td>
          <input
            onClick={[Function]}
            type="button"
            value="Редактировать"
          />
        </td>
        <td>
          <input
            onClick={[Function]}
            type="button"
            value="Удалить"
          />
        </td>
      </tr>
    </tbody>
  </table>
  <input
    onClick={[Function]}
    type="button"
    value="Добавить клиента"
  />
  <div />
</div>
`;

exports[`работа кнопки Все 1`] = `
<div
  className="MobileCompany"
>
  <h2>
    Компания: 
    MTS
  </h2>
  <div>
    <input
      onClick={[Function]}
      type="button"
      value="Все"
    />
    <input
      onClick={[Function]}
      type="button"
      value="Активные"
    />
    <input
      onClick={[Function]}
      type="button"
      value="Заблокированные"
    />
  </div>
  <table>
    <thead>
      <tr>
        <th>
          Фамилия
        </th>
        <th>
          Имя
        </th>
        <th>
          Отчество
        </th>
        <th>
          Баланс
        </th>
        <th>
          Статус
        </th>
        <th>
          Редактировать
        </th>
        <th>
          Удалить
        </th>
      </tr>
    </thead>
    <tbody
      className="MobileCompanyTable"
    >
      <tr>
        <td>
          Иванов
        </td>
        <td>
          Иван
        </td>
        <td>
          Иванович
        </td>
        <td>
          200
        </td>
        <td
          className="MobileClientActive"
        >
          active
        </td>
        <td>
          <input
            onClick={[Function]}
            type="button"
            value="Редактировать"
          />
        </td>
        <td>
          <input
            onClick={[Function]}
            type="button"
            value="Удалить"
          />
        </td>
      </tr>
      <tr>
        <td>
          Сидоров
        </td>
        <td>
          Сидор
        </td>
        <td>
          Сидорович
        </td>
        <td>
          250
        </td>
        <td
          className="MobileClientActive"
        >
          active
        </td>
        <td>
          <input
            onClick={[Function]}
            type="button"
            value="Редактировать"
          />
        </td>
        <td>
          <input
            onClick={[Function]}
            type="button"
            value="Удалить"
          />
        </td>
      </tr>
      <tr>
        <td>
          Петров
        </td>
        <td>
          Петр
        </td>
        <td>
          Петрович
        </td>
        <td>
          180
        </td>
        <td
          className="MobileClientActive"
        >
          active
        </td>
        <td>
          <input
            onClick={[Function]}
            type="button"
            value="Редактировать"
          />
        </td>
        <td>
          <input
            onClick={[Function]}
            type="button"
            value="Удалить"
          />
        </td>
      </tr>
      <tr>
        <td>
          Григорьев
        </td>
        <td>
          Григорий
        </td>
        <td>
          Григорьевич
        </td>
        <td>
          -220
        </td>
        <td
          className="MobileClientBlocked"
        >
          blocked
        </td>
        <td>
          <input
            onClick={[Function]}
            type="button"
            value="Редактировать"
          />
        </td>
        <td>
          <input
            onClick={[Function]}
            type="button"
            value="Удалить"
          />
        </td>
      </tr>
    </tbody>
  </table>
  <input
    onClick={[Function]}
    type="button"
    value="Добавить клиента"
  />
  <div />
</div>
`;

exports[`работа кнопки Все 2`] = `
<div
  className="MobileCompany"
>
  <h2>
    Компания: 
    MTS
  </h2>
  <div>
    <input
      onClick={[Function]}
      type="button"
      value="Все"
    />
    <input
      onClick={[Function]}
      type="button"
      value="Активные"
    />
    <input
      onClick={[Function]}
      type="button"
      value="Заблокированные"
    />
  </div>
  <table>
    <thead>
      <tr>
        <th>
          Фамилия
        </th>
        <th>
          Имя
        </th>
        <th>
          Отчество
        </th>
        <th>
          Баланс
        </th>
        <th>
          Статус
        </th>
        <th>
          Редактировать
        </th>
        <th>
          Удалить
        </th>
      </tr>
    </thead>
    <tbody
      className="MobileCompanyTable"
    >
      <tr>
        <td>
          Иванов
        </td>
        <td>
          Иван
        </td>
        <td>
          Иванович
        </td>
        <td>
          200
        </td>
        <td
          className="MobileClientActive"
        >
          active
        </td>
        <td>
          <input
            onClick={[Function]}
            type="button"
            value="Редактировать"
          />
        </td>
        <td>
          <input
            onClick={[Function]}
            type="button"
            value="Удалить"
          />
        </td>
      </tr>
      <tr>
        <td>
          Сидоров
        </td>
        <td>
          Сидор
        </td>
        <td>
          Сидорович
        </td>
        <td>
          250
        </td>
        <td
          className="MobileClientActive"
        >
          active
        </td>
        <td>
          <input
            onClick={[Function]}
            type="button"
            value="Редактировать"
          />
        </td>
        <td>
          <input
            onClick={[Function]}
            type="button"
            value="Удалить"
          />
        </td>
      </tr>
      <tr>
        <td>
          Петров
        </td>
        <td>
          Петр
        </td>
        <td>
          Петрович
        </td>
        <td>
          180
        </td>
        <td
          className="MobileClientActive"
        >
          active
        </td>
        <td>
          <input
            onClick={[Function]}
            type="button"
            value="Редактировать"
          />
        </td>
        <td>
          <input
            onClick={[Function]}
            type="button"
            value="Удалить"
          />
        </td>
      </tr>
      <tr>
        <td>
          Григорьев
        </td>
        <td>
          Григорий
        </td>
        <td>
          Григорьевич
        </td>
        <td>
          -220
        </td>
        <td
          className="MobileClientBlocked"
        >
          blocked
        </td>
        <td>
          <input
            onClick={[Function]}
            type="button"
            value="Редактировать"
          />
        </td>
        <td>
          <input
            onClick={[Function]}
            type="button"
            value="Удалить"
          />
        </td>
      </tr>
    </tbody>
  </table>
  <input
    onClick={[Function]}
    type="button"
    value="Добавить клиента"
  />
  <div />
</div>
`;

exports[`работа кнопки Все 3`] = `
<div
  className="MobileCompany"
>
  <h2>
    Компания: 
    MTS
  </h2>
  <div>
    <input
      onClick={[Function]}
      type="button"
      value="Все"
    />
    <input
      onClick={[Function]}
      type="button"
      value="Активные"
    />
    <input
      onClick={[Function]}
      type="button"
      value="Заблокированные"
    />
  </div>
  <table>
    <thead>
      <tr>
        <th>
          Фамилия
        </th>
        <th>
          Имя
        </th>
        <th>
          Отчество
        </th>
        <th>
          Баланс
        </th>
        <th>
          Статус
        </th>
        <th>
          Редактировать
        </th>
        <th>
          Удалить
        </th>
      </tr>
    </thead>
    <tbody
      className="MobileCompanyTable"
    >
      <tr>
        <td>
          Иванов
        </td>
        <td>
          Иван
        </td>
        <td>
          Иванович
        </td>
        <td>
          200
        </td>
        <td
          className="MobileClientActive"
        >
          active
        </td>
        <td>
          <input
            onClick={[Function]}
            type="button"
            value="Редактировать"
          />
        </td>
        <td>
          <input
            onClick={[Function]}
            type="button"
            value="Удалить"
          />
        </td>
      </tr>
      <tr>
        <td>
          Сидоров
        </td>
        <td>
          Сидор
        </td>
        <td>
          Сидорович
        </td>
        <td>
          250
        </td>
        <td
          className="MobileClientActive"
        >
          active
        </td>
        <td>
          <input
            onClick={[Function]}
            type="button"
            value="Редактировать"
          />
        </td>
        <td>
          <input
            onClick={[Function]}
            type="button"
            value="Удалить"
          />
        </td>
      </tr>
      <tr>
        <td>
          Петров
        </td>
        <td>
          Петр
        </td>
        <td>
          Петрович
        </td>
        <td>
          180
        </td>
        <td
          className="MobileClientActive"
        >
          active
        </td>
        <td>
          <input
            onClick={[Function]}
            type="button"
            value="Редактировать"
          />
        </td>
        <td>
          <input
            onClick={[Function]}
            type="button"
            value="Удалить"
          />
        </td>
      </tr>
      <tr>
        <td>
          Григорьев
        </td>
        <td>
          Григорий
        </td>
        <td>
          Григорьевич
        </td>
        <td>
          -220
        </td>
        <td
          className="MobileClientBlocked"
        >
          blocked
        </td>
        <td>
          <input
            onClick={[Function]}
            type="button"
            value="Редактировать"
          />
        </td>
        <td>
          <input
            onClick={[Function]}
            type="button"
            value="Удалить"
          />
        </td>
      </tr>
    </tbody>
  </table>
  <input
    onClick={[Function]}
    type="button"
    value="Добавить клиента"
  />
  <div />
</div>
`;

exports[`работа кнопки Добавить клиента 1`] = `
<div
  className="MobileCompany"
>
  <h2>
    Компания: 
    MTS
  </h2>
  <div>
    <input
      onClick={[Function]}
      type="button"
      value="Все"
    />
    <input
      onClick={[Function]}
      type="button"
      value="Активные"
    />
    <input
      onClick={[Function]}
      type="button"
      value="Заблокированные"
    />
  </div>
  <table>
    <thead>
      <tr>
        <th>
          Фамилия
        </th>
        <th>
          Имя
        </th>
        <th>
          Отчество
        </th>
        <th>
          Баланс
        </th>
        <th>
          Статус
        </th>
        <th>
          Редактировать
        </th>
        <th>
          Удалить
        </th>
      </tr>
    </thead>
    <tbody
      className="MobileCompanyTable"
    >
      <tr>
        <td>
          Иванов
        </td>
        <td>
          Иван
        </td>
        <td>
          Иванович
        </td>
        <td>
          200
        </td>
        <td
          className="MobileClientActive"
        >
          active
        </td>
        <td>
          <input
            onClick={[Function]}
            type="button"
            value="Редактировать"
          />
        </td>
        <td>
          <input
            onClick={[Function]}
            type="button"
            value="Удалить"
          />
        </td>
      </tr>
      <tr>
        <td>
          Сидоров
        </td>
        <td>
          Сидор
        </td>
        <td>
          Сидорович
        </td>
        <td>
          250
        </td>
        <td
          className="MobileClientActive"
        >
          active
        </td>
        <td>
          <input
            onClick={[Function]}
            type="button"
            value="Редактировать"
          />
        </td>
        <td>
          <input
            onClick={[Function]}
            type="button"
            value="Удалить"
          />
        </td>
      </tr>
      <tr>
        <td>
          Петров
        </td>
        <td>
          Петр
        </td>
        <td>
          Петрович
        </td>
        <td>
          180
        </td>
        <td
          className="MobileClientActive"
        >
          active
        </td>
        <td>
          <input
            onClick={[Function]}
            type="button"
            value="Редактировать"
          />
        </td>
        <td>
          <input
            onClick={[Function]}
            type="button"
            value="Удалить"
          />
        </td>
      </tr>
      <tr>
        <td>
          Григорьев
        </td>
        <td>
          Григорий
        </td>
        <td>
          Григорьевич
        </td>
        <td>
          -220
        </td>
        <td
          className="MobileClientBlocked"
        >
          blocked
        </td>
        <td>
          <input
            onClick={[Function]}
            type="button"
            value="Редактировать"
          />
        </td>
        <td>
          <input
            onClick={[Function]}
            type="button"
            value="Удалить"
          />
        </td>
      </tr>
    </tbody>
  </table>
  <input
    onClick={[Function]}
    type="button"
    value="Добавить клиента"
  />
  <div />
</div>
`;

exports[`работа кнопки Добавить клиента 2`] = `
<div
  className="MobileCompany"
>
  <h2>
    Компания: 
    MTS
  </h2>
  <div>
    <input
      onClick={[Function]}
      type="button"
      value="Все"
    />
    <input
      onClick={[Function]}
      type="button"
      value="Активные"
    />
    <input
      onClick={[Function]}
      type="button"
      value="Заблокированные"
    />
  </div>
  <table>
    <thead>
      <tr>
        <th>
          Фамилия
        </th>
        <th>
          Имя
        </th>
        <th>
          Отчество
        </th>
        <th>
          Баланс
        </th>
        <th>
          Статус
        </th>
        <th>
          Редактировать
        </th>
        <th>
          Удалить
        </th>
      </tr>
    </thead>
    <tbody
      className="MobileCompanyTable"
    >
      <tr>
        <td>
          Иванов
        </td>
        <td>
          Иван
        </td>
        <td>
          Иванович
        </td>
        <td>
          200
        </td>
        <td
          className="MobileClientActive"
        >
          active
        </td>
        <td>
          <input
            onClick={[Function]}
            type="button"
            value="Редактировать"
          />
        </td>
        <td>
          <input
            onClick={[Function]}
            type="button"
            value="Удалить"
          />
        </td>
      </tr>
      <tr>
        <td>
          Сидоров
        </td>
        <td>
          Сидор
        </td>
        <td>
          Сидорович
        </td>
        <td>
          250
        </td>
        <td
          className="MobileClientActive"
        >
          active
        </td>
        <td>
          <input
            onClick={[Function]}
            type="button"
            value="Редактировать"
          />
        </td>
        <td>
          <input
            onClick={[Function]}
            type="button"
            value="Удалить"
          />
        </td>
      </tr>
      <tr>
        <td>
          Петров
        </td>
        <td>
          Петр
        </td>
        <td>
          Петрович
        </td>
        <td>
          180
        </td>
        <td
          className="MobileClientActive"
        >
          active
        </td>
        <td>
          <input
            onClick={[Function]}
            type="button"
            value="Редактировать"
          />
        </td>
        <td>
          <input
            onClick={[Function]}
            type="button"
            value="Удалить"
          />
        </td>
      </tr>
      <tr>
        <td>
          Григорьев
        </td>
        <td>
          Григорий
        </td>
        <td>
          Григорьевич
        </td>
        <td>
          -220
        </td>
        <td
          className="MobileClientBlocked"
        >
          blocked
        </td>
        <td>
          <input
            onClick={[Function]}
            type="button"
            value="Редактировать"
          />
        </td>
        <td>
          <input
            onClick={[Function]}
            type="button"
            value="Удалить"
          />
        </td>
      </tr>
    </tbody>
  </table>
  <input
    onClick={[Function]}
    type="button"
    value="Добавить клиента"
  />
  <div>
    <div
      className="MobileClientEditBlock"
    >
      <div
        className="MobileClientEdit"
      >
        <label>
          Фамилия:
        </label>
        <input
          defaultValue=""
          name="lastName"
          type="text"
        />
      </div>
      <div
        className="MobileClientEdit"
      >
        <label>
          Имя:
        </label>
        <input
          defaultValue=""
          name="firstName"
          type="text"
        />
      </div>
      <div
        className="MobileClientEdit"
      >
        <label>
          Отчество:
        </label>
        <input
          defaultValue=""
          name="middleName"
          type="text"
        />
      </div>
      <div
        className="MobileClientEdit"
      >
        <label>
          Баланс:
        </label>
        <input
          defaultValue=""
          name="balance"
          type="text"
        />
      </div>
      <div>
        <input
          onClick={[Function]}
          type="button"
          value="Добавить"
        />
        <input
          onClick={[Function]}
          type="button"
          value="Отмена"
        />
      </div>
    </div>
  </div>
</div>
`;

exports[`работа кнопки Добавить клиента 3`] = `
<div
  className="MobileCompany"
>
  <h2>
    Компания: 
    MTS
  </h2>
  <div>
    <input
      onClick={[Function]}
      type="button"
      value="Все"
    />
    <input
      onClick={[Function]}
      type="button"
      value="Активные"
    />
    <input
      onClick={[Function]}
      type="button"
      value="Заблокированные"
    />
  </div>
  <table>
    <thead>
      <tr>
        <th>
          Фамилия
        </th>
        <th>
          Имя
        </th>
        <th>
          Отчество
        </th>
        <th>
          Баланс
        </th>
        <th>
          Статус
        </th>
        <th>
          Редактировать
        </th>
        <th>
          Удалить
        </th>
      </tr>
    </thead>
    <tbody
      className="MobileCompanyTable"
    >
      <tr>
        <td>
          Иванов
        </td>
        <td>
          Иван
        </td>
        <td>
          Иванович
        </td>
        <td>
          200
        </td>
        <td
          className="MobileClientActive"
        >
          active
        </td>
        <td>
          <input
            onClick={[Function]}
            type="button"
            value="Редактировать"
          />
        </td>
        <td>
          <input
            onClick={[Function]}
            type="button"
            value="Удалить"
          />
        </td>
      </tr>
      <tr>
        <td>
          Сидоров
        </td>
        <td>
          Сидор
        </td>
        <td>
          Сидорович
        </td>
        <td>
          250
        </td>
        <td
          className="MobileClientActive"
        >
          active
        </td>
        <td>
          <input
            onClick={[Function]}
            type="button"
            value="Редактировать"
          />
        </td>
        <td>
          <input
            onClick={[Function]}
            type="button"
            value="Удалить"
          />
        </td>
      </tr>
      <tr>
        <td>
          Петров
        </td>
        <td>
          Петр
        </td>
        <td>
          Петрович
        </td>
        <td>
          180
        </td>
        <td
          className="MobileClientActive"
        >
          active
        </td>
        <td>
          <input
            onClick={[Function]}
            type="button"
            value="Редактировать"
          />
        </td>
        <td>
          <input
            onClick={[Function]}
            type="button"
            value="Удалить"
          />
        </td>
      </tr>
      <tr>
        <td>
          Григорьев
        </td>
        <td>
          Григорий
        </td>
        <td>
          Григорьевич
        </td>
        <td>
          -220
        </td>
        <td
          className="MobileClientBlocked"
        >
          blocked
        </td>
        <td>
          <input
            onClick={[Function]}
            type="button"
            value="Редактировать"
          />
        </td>
        <td>
          <input
            onClick={[Function]}
            type="button"
            value="Удалить"
          />
        </td>
      </tr>
    </tbody>
  </table>
  <input
    onClick={[Function]}
    type="button"
    value="Добавить клиента"
  />
  <div>
    <div
      className="MobileClientEditBlock"
    >
      <div
        className="MobileClientEdit"
      >
        <label>
          Фамилия:
        </label>
        <input
          defaultValue=""
          name="lastName"
          type="text"
        />
      </div>
      <div
        className="MobileClientEdit"
      >
        <label>
          Имя:
        </label>
        <input
          defaultValue=""
          name="firstName"
          type="text"
        />
      </div>
      <div
        className="MobileClientEdit"
      >
        <label>
          Отчество:
        </label>
        <input
          defaultValue=""
          name="middleName"
          type="text"
        />
      </div>
      <div
        className="MobileClientEdit"
      >
        <label>
          Баланс:
        </label>
        <input
          defaultValue=""
          name="balance"
          type="text"
        />
      </div>
      <div>
        <input
          onClick={[Function]}
          type="button"
          value="Добавить"
        />
        <input
          onClick={[Function]}
          type="button"
          value="Отмена"
        />
      </div>
    </div>
  </div>
</div>
`;

exports[`работа кнопки Заблокированные 1`] = `
<div
  className="MobileCompany"
>
  <h2>
    Компания: 
    MTS
  </h2>
  <div>
    <input
      onClick={[Function]}
      type="button"
      value="Все"
    />
    <input
      onClick={[Function]}
      type="button"
      value="Активные"
    />
    <input
      onClick={[Function]}
      type="button"
      value="Заблокированные"
    />
  </div>
  <table>
    <thead>
      <tr>
        <th>
          Фамилия
        </th>
        <th>
          Имя
        </th>
        <th>
          Отчество
        </th>
        <th>
          Баланс
        </th>
        <th>
          Статус
        </th>
        <th>
          Редактировать
        </th>
        <th>
          Удалить
        </th>
      </tr>
    </thead>
    <tbody
      className="MobileCompanyTable"
    >
      <tr>
        <td>
          Иванов
        </td>
        <td>
          Иван
        </td>
        <td>
          Иванович
        </td>
        <td>
          200
        </td>
        <td
          className="MobileClientActive"
        >
          active
        </td>
        <td>
          <input
            onClick={[Function]}
            type="button"
            value="Редактировать"
          />
        </td>
        <td>
          <input
            onClick={[Function]}
            type="button"
            value="Удалить"
          />
        </td>
      </tr>
      <tr>
        <td>
          Сидоров
        </td>
        <td>
          Сидор
        </td>
        <td>
          Сидорович
        </td>
        <td>
          250
        </td>
        <td
          className="MobileClientActive"
        >
          active
        </td>
        <td>
          <input
            onClick={[Function]}
            type="button"
            value="Редактировать"
          />
        </td>
        <td>
          <input
            onClick={[Function]}
            type="button"
            value="Удалить"
          />
        </td>
      </tr>
      <tr>
        <td>
          Петров
        </td>
        <td>
          Петр
        </td>
        <td>
          Петрович
        </td>
        <td>
          180
        </td>
        <td
          className="MobileClientActive"
        >
          active
        </td>
        <td>
          <input
            onClick={[Function]}
            type="button"
            value="Редактировать"
          />
        </td>
        <td>
          <input
            onClick={[Function]}
            type="button"
            value="Удалить"
          />
        </td>
      </tr>
      <tr>
        <td>
          Григорьев
        </td>
        <td>
          Григорий
        </td>
        <td>
          Григорьевич
        </td>
        <td>
          -220
        </td>
        <td
          className="MobileClientBlocked"
        >
          blocked
        </td>
        <td>
          <input
            onClick={[Function]}
            type="button"
            value="Редактировать"
          />
        </td>
        <td>
          <input
            onClick={[Function]}
            type="button"
            value="Удалить"
          />
        </td>
      </tr>
    </tbody>
  </table>
  <input
    onClick={[Function]}
    type="button"
    value="Добавить клиента"
  />
  <div />
</div>
`;

exports[`работа кнопки Заблокированные 2`] = `
<div
  className="MobileCompany"
>
  <h2>
    Компания: 
    MTS
  </h2>
  <div>
    <input
      onClick={[Function]}
      type="button"
      value="Все"
    />
    <input
      onClick={[Function]}
      type="button"
      value="Активные"
    />
    <input
      onClick={[Function]}
      type="button"
      value="Заблокированные"
    />
  </div>
  <table>
    <thead>
      <tr>
        <th>
          Фамилия
        </th>
        <th>
          Имя
        </th>
        <th>
          Отчество
        </th>
        <th>
          Баланс
        </th>
        <th>
          Статус
        </th>
        <th>
          Редактировать
        </th>
        <th>
          Удалить
        </th>
      </tr>
    </thead>
    <tbody
      className="MobileCompanyTable"
    >
      <tr>
        <td>
          Григорьев
        </td>
        <td>
          Григорий
        </td>
        <td>
          Григорьевич
        </td>
        <td>
          -220
        </td>
        <td
          className="MobileClientBlocked"
        >
          blocked
        </td>
        <td>
          <input
            onClick={[Function]}
            type="button"
            value="Редактировать"
          />
        </td>
        <td>
          <input
            onClick={[Function]}
            type="button"
            value="Удалить"
          />
        </td>
      </tr>
    </tbody>
  </table>
  <input
    onClick={[Function]}
    type="button"
    value="Добавить клиента"
  />
  <div />
</div>
`;

exports[`работа кнопки Заблокированные 3`] = `
<div
  className="MobileCompany"
>
  <h2>
    Компания: 
    MTS
  </h2>
  <div>
    <input
      onClick={[Function]}
      type="button"
      value="Все"
    />
    <input
      onClick={[Function]}
      type="button"
      value="Активные"
    />
    <input
      onClick={[Function]}
      type="button"
      value="Заблокированные"
    />
  </div>
  <table>
    <thead>
      <tr>
        <th>
          Фамилия
        </th>
        <th>
          Имя
        </th>
        <th>
          Отчество
        </th>
        <th>
          Баланс
        </th>
        <th>
          Статус
        </th>
        <th>
          Редактировать
        </th>
        <th>
          Удалить
        </th>
      </tr>
    </thead>
    <tbody
      className="MobileCompanyTable"
    >
      <tr>
        <td>
          Григорьев
        </td>
        <td>
          Григорий
        </td>
        <td>
          Григорьевич
        </td>
        <td>
          -220
        </td>
        <td
          className="MobileClientBlocked"
        >
          blocked
        </td>
        <td>
          <input
            onClick={[Function]}
            type="button"
            value="Редактировать"
          />
        </td>
        <td>
          <input
            onClick={[Function]}
            type="button"
            value="Удалить"
          />
        </td>
      </tr>
    </tbody>
  </table>
  <input
    onClick={[Function]}
    type="button"
    value="Добавить клиента"
  />
  <div />
</div>
`;
